
> salon-portfolio-web@0.1.0 build
> next build

▲ Next.js 16.3.4 (Turbopack)
✓ Running next.config.ts took 67ms

  Creating an optimized production build ...
✓ Compiled successfully in 7.2s
  Running TypeScript ...
  Finished TypeScript in 4.0s ...
  Collecting page data using 11 workers ...
  Generating static pages using 11 workers (0/11) ...
  Generating static pages using 11 workers (2/11) 
  Generating static pages using 11 workers (5/11) 
  Generating static pages using 11 workers (8/11) 
✓ Generating static pages using 11 workers (11/11) in 2.2s
  Finalizing page optimization ...

Route (app)
┌ ○ /
├ ○ /_not-found
├ ƒ /api/health
├ ○ /contact
├ ○ /privacy
├ ○ /reservation
├ ○ /reservation/cancel
├ ○ /terms
└ ○ /thanks


○  (Static)   prerendered as static content
ƒ  (Dynamic)  server-rendered on demand

