
> site-report-web@0.1.0 build
> next build

▲ Next.js 16.3.4 (Turbopack)
✓ Running next.config.ts took 31ms

  Creating an optimized production build ...
✓ Compiled successfully in 306ms
  Running TypeScript ...
  Finished TypeScript in 2.7s ...
  Collecting page data using 5 workers ...
  Generating static pages using 5 workers (0/4) ...
  Generating static pages using 5 workers (1/4) 
  Generating static pages using 5 workers (2/4) 
  Generating static pages using 5 workers (3/4) 
✓ Generating static pages using 5 workers (4/4) in 803ms
  Finalizing page optimization ...

Route (app)
┌ ○ /
├ ○ /_not-found
└ ƒ /api/health


○  (Static)   prerendered as static content
ƒ  (Dynamic)  server-rendered on demand

