▲ Next.js 16.3.4 (Turbopack)
✓ Running next.config.ts took 35ms

  Creating an optimized production build ...
✓ Compiled successfully in 610ms
  Running TypeScript ...
  Finished TypeScript in 2.2s ...
  Collecting page data using 10 workers ...
  Generating static pages using 10 workers (0/9) ...
  Generating static pages using 10 workers (2/9) 
  Generating static pages using 10 workers (4/9) 
  Generating static pages using 10 workers (6/9) 
✓ Generating static pages using 10 workers (9/9) in 912ms
  Finalizing page optimization ...

Route (app)
┌ ○ /
├ ○ /_not-found
├ ƒ /api/health
├ ○ /contact
├ ○ /reservation
├ ○ /reservation/cancel
└ ○ /thanks


○  (Static)   prerendered as static content
ƒ  (Dynamic)  server-rendered on demand

