▲ Next.js 16.3.4 (Turbopack)
✓ Running next.config.ts took 35ms

  Creating an optimized production build ...
✓ Compiled successfully in 846ms
  Running TypeScript ...
  Finished TypeScript in 2.1s ...
  Collecting page data using 11 workers ...
  Generating static pages using 11 workers (0/12) ...
  Generating static pages using 11 workers (3/12) 
  Generating static pages using 11 workers (6/12) 
  Generating static pages using 11 workers (9/12) 
✓ Generating static pages using 11 workers (12/12) in 463ms
  Finalizing page optimization ...

Route (app)
┌ ○ /
├ ○ /_not-found
├ ƒ /api/gas
├ ƒ /api/health
├ ○ /contact
├ ○ /privacy
├ ○ /reservation
├ ○ /reservation/cancel
├ ○ /terms
└ ○ /thanks


○  (Static)   prerendered as static content
ƒ  (Dynamic)  server-rendered on demand

